// Jest Snapshot v1, https://goo.gl/fbAQLP

exports[`properties 1`] = `
CommandHandler {
  "_events": Object {},
  "_eventsCount": 0,
  "_maxListeners": undefined,
  "aliasManager": AliasManager {
    "cache": Array [],
  },
  "automateCategories": true,
  "client": Object {
    "application": null,
    "channels": Array [],
    "guilds": Array [],
    "owners": Array [],
    "presence": undefined,
    "shard": null,
    "user": null,
    "users": Array [],
  },
  "cooldownManager": CooldownManager {
    "cache": Array [],
  },
  "defaultClientPermissions": null,
  "defaultCooldown": 10000,
  "defaultRateLimit": null,
  "defaultTyping": false,
  "defaultUserPermissions": null,
  "directory": "/home/heiwa/wioenena/workspace/packages/javascript/node/proton-io/tests/Structures/Commands/CommandModules",
  "ignoreBots": true,
  "ignoreSelf": true,
  "modules": Array [
    Object {
      "aliases": null,
      "category": "Users",
      "client": Object {
        "application": null,
        "channels": Array [],
        "guilds": Array [],
        "owners": Array [],
        "presence": undefined,
        "shard": null,
        "user": null,
        "users": Array [],
      },
      "clientPermissions": null,
      "cooldown": null,
      "executable": true,
      "filepath": "/home/heiwa/wioenena/workspace/packages/javascript/node/proton-io/tests/Structures/Commands/CommandModules/PingCommand.js",
      "handler": [Circular],
      "id": "Ping",
      "information": null,
      "ownerOnly": false,
      "rateLimit": null,
      "typing": null,
      "userPermissions": null,
    },
  ],
  "prefix": "?",
  Symbol(kCapture): false,
}
`;
