// Jest Snapshot v1, https://goo.gl/fbAQLP

exports[`Example 1`] = `
Command {
  "advancedArgs": true,
  "aliases": Array [
    "example",
  ],
  "args": Array [],
  "category": "default",
  "client": null,
  "clientPermissions": Array [],
  "cooldown": 10000,
  "executable": true,
  "filepath": null,
  "handler": null,
  "id": "Example",
  "information": Object {},
  "ownerOnly": true,
  "rateLimit": null,
  "typing": null,
  "userPermissions": Array [],
}
`;

exports[`Null props 1`] = `
Command {
  "advancedArgs": null,
  "aliases": null,
  "args": null,
  "category": "default",
  "client": null,
  "clientPermissions": null,
  "cooldown": null,
  "executable": true,
  "filepath": null,
  "handler": null,
  "id": "NullProps",
  "information": null,
  "ownerOnly": false,
  "rateLimit": null,
  "typing": null,
  "userPermissions": null,
}
`;
