// Jest Snapshot v1, https://goo.gl/fbAQLP

exports[`ProtonModule 1`] = `
ProtonModule {
  "category": "Software",
  "client": Object {
    "application": null,
    "channels": Array [],
    "guilds": Array [],
    "owners": Array [],
    "presence": undefined,
    "shard": null,
    "user": null,
    "users": Array [],
  },
  "filepath": null,
  "handler": ProtonHandler {
    "_events": Object {},
    "_eventsCount": 0,
    "_maxListeners": undefined,
    "automateCategories": false,
    "client": Object {
      "application": null,
      "channels": Array [],
      "guilds": Array [],
      "owners": Array [],
      "presence": undefined,
      "shard": null,
      "user": null,
      "users": Array [],
    },
    "directory": "",
    "modules": Array [
      [Circular],
      ProtonModule {
        "category": "default",
        "client": Object {
          "application": null,
          "channels": Array [],
          "guilds": Array [],
          "owners": Array [],
          "presence": undefined,
          "shard": null,
          "user": null,
          "users": Array [],
        },
        "filepath": null,
        "handler": [Circular],
        "id": "MySecondModule",
      },
    ],
    Symbol(kCapture): false,
  },
  "id": "MyFirstModule",
}
`;

exports[`ProtonModule 2`] = `
ProtonModule {
  "category": "default",
  "client": Object {
    "application": null,
    "channels": Array [],
    "guilds": Array [],
    "owners": Array [],
    "presence": undefined,
    "shard": null,
    "user": null,
    "users": Array [],
  },
  "filepath": null,
  "handler": ProtonHandler {
    "_events": Object {},
    "_eventsCount": 0,
    "_maxListeners": undefined,
    "automateCategories": false,
    "client": Object {
      "application": null,
      "channels": Array [],
      "guilds": Array [],
      "owners": Array [],
      "presence": undefined,
      "shard": null,
      "user": null,
      "users": Array [],
    },
    "directory": "",
    "modules": Array [
      ProtonModule {
        "category": "Software",
        "client": Object {
          "application": null,
          "channels": Array [],
          "guilds": Array [],
          "owners": Array [],
          "presence": undefined,
          "shard": null,
          "user": null,
          "users": Array [],
        },
        "filepath": null,
        "handler": [Circular],
        "id": "MyFirstModule",
      },
      [Circular],
    ],
    Symbol(kCapture): false,
  },
  "id": "MySecondModule",
}
`;
